{
  "vendors.js": "/static/js/vendors.f44445bb.js",
  "app.js": "/static/js/app.2a9d99b5.js",
  "button-index.css": "/static/css/button-index.91035fb926b4aa89854d.css",
  "button-index.js": "/static/js/button-index.7b82cbfb.js",
  "readme.js": "/static/js/readme.e87252eb.js",
  "runtime~app.js": "/static/js/runtime~app.91035fb926b4aa89854d.js",
  "static/js/5.37c631f9.js": "/static/js/5.37c631f9.js",
  "index.html": "/index.html"
}