<!doctype html><html lang="en"><head><meta charset="UTF-8"><meta name="description" content="My awesome app using docz"><meta name="viewport" content="width=device-width,initial-scale=1"><meta http-equiv="X-UA-Compatible" content="ie=edge"><title>My Doc</title><link rel="icon" type="image/x-icon" href="https://cdn-std.dprcdn.net/files/acc_649651/LUKiMl"></head><body><div id="root"></div><script src="/static/js/runtime~app.91035fb926b4aa89854d.js"></script><script src="/static/js/vendors.f44445bb.js"></script><script src="/static/js/app.2a9d99b5.js"></script></body></html>